20 1347
2511231196_cluster               ------------------GCCTAATACATGCAAGTCGA--------GCGGACGGGTGAGTAACACGTGGATAACCTACCTATAAGACTGGGATAACTTCGGGAAACCGGAGCTAATACCGGATACTTATAGATGGATCCGCGCTGCATTAGCTAGTTGGTAAGGTAACGGCTTACCAAGGCAACGATGCATAGCCGACCTGAGAGGGTGATCGGCCACACTGGAACTGAGACACGGTCCAGACTCCTACGGGAGGCAGCAGTAGGGAATCTTCCGCAATGGGCGAAAGCCTGACGGAGCAACGCCGCGTGAGTGATGAAGGTCTTCGGATCGTAAAACTCTGTTATTAGGGAAGCGGTACCTAATCAGAAAGCCACGGCTAACTACGTGCCAGCAGCCGCGGTAATACGTAGGTGGCAAGCGTTATCCGGAATTATTGGGCGTAAAGCGCGCGTAGGCGGTTTTTTAAGTCTGATGTGAAAGCCCACGGCTCAACCGTGGAG-GGCATTGGAAACTGGAAAACTTGAGTGCAGAAGAGGAAAGTGGAATTCCATGTGTAGCGGTGAAATGCGCAGAGATATGGAGGAACACCAGTGGCGAAGGCGACTTTCTGGTCTGTAACTGACGCTGATGTGCGAAAGCGTGGGGATCAAACAGGATTAGATACCCTGGTAGTCCACGCCGTAAACGATGAGTGCTAAGTGAGG--TAGTGCTGCAGCTAACGCATTAAGCACTCCGCCTGGGGAGTACGACCGCAAGGTTGAAACTCAAAGGAATTGACGGGGACCCGCACAAGC-GGTGGAGCATGTGGTTTAAT-TCGAAGCAACG-CG-AGAACCTTACCAAATCTTGACATCAGGTG-GTGCATGGTTGTCGTCAGCTCGTGTCGTGAGATGTGGT---AAGTCCCGCAACGAGCGCAACCC----------------TTAAGCTTAGT----------------T----C-----------------ACTCTA--GTGACTGC----GTGACAA------------CAGAGGGGGATGACGTCAAATCATCATG--CCTTATGA-TTGGGCTACACACG-------------TGTAGTCAGGGCAGCGAAACCGCGAGGTCAAGCAAATCCCATAAAGTTGTTCTCAGTTCGGATTGTAGTCTGCAACTCGACTACATGAAGCTGGAATCGCTAGTAATCGTAGATCAG-CATGCTACGGTGAATACGTTCCCGGGTCTTGTACACACCGCCCGTCACACCACGAGAGTTTGTAACACCCGAAGCCGGCGTCGAAGGTGGGACAAATGATTGGGGTGAAGTCGTAACAAGGTAGCCGT
2511231164_cluster               ------------------------------------------AGTGGCGGACGGGTGAGTAATGTCTGGGA-AACTGCCTGATGGAGGGGGATAACTACTGGAAACGGTGGCTAATACCGCATA-CATCAGATGTGCCCAGATGGGATTAGCTTGTTGGTGAGGTAACGGCTCACCAAGGCGACGATCCCTAGCTGGTCTGAGAGGATGACCAGCCACACTGGAACTGAGACACGGTCCAGACTCCTACGGGAGGCAGCAGTGGGGAATATTGCACAATGGGCGCAAGCCTGATGCAGCCATGCCGCGTGTATGAAGAAGGCCTTCGGGTTGTAAAGTACTTTCAGCGGGGAGGCGTTACCCGCAGAAGAAGCACCGGCTAACTCCGTGCCAGCAGCCGCGGTAATACGGAGGGTGCAAGCGTTAATCGGAATTACTGGGCGTAAAGCGCACGCAGGCGGTCTGTCAAGTCGGATGTGAAATCCCCGGGCTCAACCTGGGAACTGCATTCGAAACTGGCAGGCTTGAGTCTTGTAGAGGGGGGTAGAATTCCAGGTGTAGCGGTGAAATGCGT-GAGATCTGGAGGAATACCGGTGGCGAAGGCGGCCCCCTGGACAAAGACTGACGCTCAGGTGCGAAAGCGTGGGGAGCAAACAGGATT-GATACCCTGGTAGTCCACGCCGT--ACGATGTCTACTTGGAGGTT--GGCTTCCGG--CTAACGCGTTAAGTAGACCGCCTGGGGAGTACGGCCGCAAGGTTAAAACTCAAATGAATTGACGGGGGCCCGCACAAGC-GGTGGAGCATGTGGTTTAAT-TCGATGCAACG-CGAAGAACCTTACCTGGTCTTGACAT-CAGGTGCTGCATGGCTGTCGTCAGCTCGTGTTGTGAAATGTTGGGTTAAGTCCCGCAACGAGCGCAACCC----------------TTATCCTTTGT-------------TG-C----A-----------------ACTCAAAGGAGACTGCC--AGTGATAAA----CTGGAGGAAGGTGGGGATGACGTCAAGTCATCATGGCCCTTACGACCAGGGCTACACACGTGCTACAATGGCGCATACAAAGAGAAGCGACCTCGCGAGAGCAAGCGGACCTCATAAAGTGCGTCGTAGTCCGGA-TGGAGTCTGCAACTCGACTCCATGAAGTCGGAATCGCTAGTAATCGTGGATCAG--ATGCCACGGTGAATACGTTCCCGGGCCTTGTACACACCGCCCGTCACACCA-GGGAGTGGGTTG---CAAAAGAAGT--------------------------------------------------
2511231070_cluster               --------------------------------AGTCGAACG-AGTGGCGAACGGGTGAGTAACACGTGGGTGATCTGCCCTGCACTTCGGGATAAGCCTGGGAAACTGGGTCTAATACCGGATAGTGTGGGATGAGCCCGCGGCCTATCAGCTTGTTGGTGGGGTGACGGCCTACCAAGGCGACGACGGGTAGCCGG----AGAGGGTGTCCGGCCACACTGGGACTGA---ACGGCCCAGACC-------CAGGCAGCAGTGGGGAATA-----AATGGGAACCGATGC-------GCGACGCCGCGTGGGGGATGACGGCCTTCGGGTTGTAAACCTCTTTCACCATCGACGCGGTAGGTGGAGAAGAAGCACCGGCCAACTACGTGCCAGCAGC--CGGTAATACGTAGGGTGCGAGCGTTGTCCGGAATTACTGGGCGTAAAGAGCTCGTAGGTGGTTTGTCGCGTTGTTCGTGAAATCTCACGGCTTAACTGTGAGCGTGCGGGCGATACGGGCAGACTAGAGTACTGCAGGGGAGACTGGAATTCCTGGTGTAGCGGTGGAATGCGCAGATATCAGGAGGAACACCGGTGGCGAAGGCGGGTCTCTGGGCAGTAACTGACGCTGAGGAGCGAAAGCGTGGGGAGCGAACAGGATTAGATACCCTGGTAGTCCACGCCGTAAACGGTGGGTACTAGGTGTGGGTCCGTGCCGTAGCTAACGCATTAAGTACCCCGCCTGGGGAGTACGGCCGCAAGGCTAAAACTCAAAGGAATTGACGGGGGCCCGCACAAGC-GGCGGAGCATGTGGATTAAT-TCGATGCAACG-CG-AGAACCTTACCTGGGTTTGACA--CAGGTGGTGCATGGCTGTCGTCAGCTCGTGTCGTG-GATGTTGGGTTAAGTCCCGCAACGAGCGCAACCC----------------TTGTCTCATGT-------------TG-C----G-----------------ACTCGTGAGAGACTGCC--GGGGTCAAC-------GAGGAAGGTGGGG-AGACGTCAAGTCATCATGCCCCTTATGTCCAGGGCTTCACACATGCTACAATGGCCGGTACAAAGGGCTGCGATGCCGCGAGGTTAAGCGAATCC--AAAAGCCGGTCTCAGTTCGGATCGGGGTCTGCAACTCGACCCCGTGAAGTCGGAGTCGCTAGTAATCGCAGATCAG-CACGCTGCGGTGAATACGTTCCCGGGCCTTGTACACACCGCCCGTCACGTCATGAAAGTCGGTAACACCCGAAGCCAG--------------------------------------------------
2511231175_cluster               ------------------GCCTAATACATGCAAGTCGA--------GCGGACGGGTGAGTAACACGTGGATAACCTACCTATAAGACTGGGATAACTTCGGGAAACCGGAGCTAATACCGGATACTTATAGATGGATCCGCGCTGCATTAGCTAGTTGGTAAGGTAACGGCTTACCAAGGCAACGATGCATAGCCGACCTGAGAGGGTGATCGGCCACACTGGAACTGAGACACGGTCCAGACTCCTACGGGAGGCAGCAGTAGGGAATCTTCCGCAATGGGCGAAAGCCTGACGGAGCAACGCCGCGTGAGTGATGAAGGTCTTCGGATCGTAAAACTCTGTTATTAGGGAAGCGGTACCTAATCAGAAAGCCACGGCTAACTACGTGCCAGCAGCCGCGGTAATACGTAGGTGGCAAGCGTTATCCGGAATTATTGGGCGTAAAGCGCGCGTAGGCGGTTTTTTAAGTCTGATGTGAAAGCCCACGGCTCAACCGTGGAG-GGCATTGGAAACTGGAAAACTTGAGTGCAGAAGAGGAAAGTGGAATTCCATGTGTAGCGGTGAAATGCGCAGAGATATGGAGGAACACCAGTGGCGAAGGCGACTTTCTGGTCTGTAACTGACGCTGATGTGCGAAAGCGTGGGGATCAAACAGGATTAGATACCCTGGTAGTCCACGCCGTAAACGATGAGTGCTAAGTGAGG--TAGTGCTGCAGCTAACGCATTAAGCACTCCGCCTGGGGAGTACGACCGCAAGGTTGAAACTCAAAGGAATTGACGGGGACCCGCACAAGC-GGTGGAGCATGTGGTTTAAT-TCGAAGCAACG-CG-AGAACCTTACCAAATCTTGACATCAGGTG-GTGCATGGTTGTCGTCAGCTCGTGTCGTGAGATGTGGT---AAGTCCCGCAACGAGCGCAACCC----------------TTAAGCTTAGT----------------T----C-----------------ACTCTA--GTGACTGC----GTGACAA------------CAGAGGGGGATGACGTCAAATCATCATG--CCTTATGA-TTGGCTCACACGTGCT--------------AGTCAGGGCAGCGAAACCGCGAGGTCAAGCAAATCCCATAAAGTTGTTCTCAGTTCGGATTGTAGTCTGCAACTCGACTACATGAAGCTGGAATCGCTAGTAATCGTAGATCAG-CATGCTACGGTGAATACGTTCCCGGGTCTTGTACACACCGCCCGTCACACCACGAGAGTTTGTAACACCCGAAGCCGGCGTCGAAGGTGGGACAAATGATTGGGGTGAAGTCGTAACAAGGTAGCCGT
2511231131_cluster               ------------------------------------------AGTGGCGGACGGGTGAGTAATGTCTGGGA-AACTGCCTGATGGAGGGGGATAACTACTGGAAACGGTAGCTAATACCGCATA-CATCGGATGTGCCCAGATGGGATTAGCTAGTAGGTGGGGTAACGGCTCACCTAGGCGACGATCCCTAGCTGGTCTGAGAGGATGACCAGCCACACTGGAACTGAGACACGGTCCAGACTCCTACGGGAGGCAGCAGTGGGGAATATTGCACAATGGGCGCAAGCCTGATGCAGCCATGCCGCGTGTATGAAGAAGGCCTTCGGGTTGTAAAGTACTTTCAGCGGGGAGGCGTTACCCGCAGAAGAAGCACCGGCTAACTCCGTGCCAGCAGCCGCGGTAATACGGAGGGTGCAAGCGTTAATCGGAATTACTGGGCGTAAAGCGCACGCAGGCGGTTTGTTAAGTCAGATGTGAAATCCCCGGGCTCAACCTGGGAACTGCATCTGATACTGGCAAGCTTGAGTCTCGTAGAGGGGGGTAGAATTCCAGGTGTAGCGGTGAAATGCGT-GAGATCTGGAGGAATACCGGTGGCGAAGGCGGCCCCCTGGACGAAGACTGACGCTCAGGTGCGAAAGCGTGGGGAGCAAACAGGATT-GATACCCTGGTAGTCCACGCCGT--ACGATGTCGACTTGGAGGTT--GGCTTCCGG--CTAACGCGTTAAGTCGACCGCCTGGGGAGTACGGCCGCAAGGTTAAAACTCAAATGAATTGACGGGGGCCCGCACAAGC-GGTGGAGCATGTGGTTTAAT-TCGATGCAACG-CGAAGAACCTTACCTGGTCTTGACAT-CAGGTGCTGCATGGCTGTCGTCAGCTCGTGTTGTGAAATGTTGGGTTAAGTCCCGCAACGAGCGCAACCC----------------TTATCCTTTGT-------------TG-C----A-----------------ACTCAAAGGAGACTGCC--AGTGATAAA----CTGGAGGAAGGTGGGGATGACGTCAAGTCATCATGGCCCTTACGACCAGGGCTACACACGTGCTACAATGGCGCATACAAAGAGAAGCGACCTCGCGAGAGCAAGCGGACCTCATAAAGTGCGTCGTAGTCCGGA-TGGAGTCTGCAACTCGACTCCATGAAGTCGGAATCGCTAGTAATCGTGGATCAG--ATGCCACGGTGAATACGTTCCCGGGCCTTGTACACACCGCCCGTCACACCA-GGGAGTGGGTTG---CAAAAGAAGT--------------------------------------------------
2511231155_cluster               ------------------------------------------AGCGGCGGACGGGTGAGTAATGCTTAGGA-ATCTGCCTATTAGTGGGGGACAACATCTCGAAAGGGATGCTAATACCGCATA-TAATAGATGAGCCTAAGTCGGATTAGCTAGTTGGTGGGGTAAAGGCCTACCAAGGCGACGATCTGTAGCGGGTCTGAGAGGATGATCCGCCACACTGGGACTGAGACACGGCCCAGACTCCTACGGGAGGCAGCAGTGGGGAATATTGGACAATGGGGGGAACCCTGATCCAGCCATGCCGCGTGTGTGAAGAAGGCCTTATGGTTGTAAAGCACTTTAAGCGAGGAGGCGTTACTCGCAGAATAAGCACCGGCTAACTCTGTGCCAGCAGCCGCGGTAATACAGAGGGTGCGAGCGTTAATCGGATTTACTGGGCGTAAAGCGTGCGTAGGCGGCTTATTAAGTCGGATGTGAAATCCCCGAGCTTAACTTGGGAATTGCATTCGATACTGGTGAGCTAGAGTATGGGAGAGGATGGTAGAATTCCAGGTGTAGCGGTGAAATGCGTAGAGATCTGGAGGAATACCGATGGCGAAGGCAGCCATCTGGCCTAATACTGACGCTGAGGTACGAAAGCATGGGGAGCAAACAGGATTAGATACCCTGGTAGTCCATGCCGTAAACGATGTCTACTAGCCGTTGGGTAGTGGCGCAGC-AACGCGATAAGTAGACCGCCTGGGGAGTA-GGTCGCAAGACTAAAACTCAAATGAATTGACGGGG-CCCGCACAAGC-GGTGGAGCATGTGGTTTAAT-TCGATGCAACG-CGAAGAACCTTACCTGGCCTTGAC---CAGGTGCTGCATGGCTGTCGTCAGCTCGTGTCGTGAGATGTTGGGTTAAGTCCCGCAACGAGCGCAACCC----------------TTTTCCTTACT-------------TG-C----A-----------------ACTTTAAGGATACTGCC--AGTGACAAA----CTGGAGGAAGGCGGGGACGACGTCAAGTCATCATGGCCCTTACGGCCAGGGCTACACACGTGCTACAATGGTCGGTACAAAGGGTTGCTACACAGCGATGTGATGCTAATCTCAAAAAGCCGATCGTAGTCCGGATTGGAGTCTGCAACTCGACTCCATGAAGTCGGAATCGCTAGTAATCGCGGATCAG--ATGCCGCGGTGAATACGTTCCCGGGCC-TGTACACACCGCCCGTCACACCATGGGAGTTTGTTGCACCAGAAGTA--TAC-CACGGTGTGGCCGATGACTGGGGTGAAGTCGTAACAAGGTAGCCGT
2511231199_cluster               ------------------------------------------AGCGGCGGACGGGTGAGTAATGTCTGGGA-AACTGCCTGATGGAGGGGGATAACTACTGGAAACGGTAGCTAATACCGCATA-CATCAGATGTGCCCAGATGGGATTAGCTAGTAGGTGGGGTAACGGCTCACCTAGGCGACGATCCCTAGCTGGTCTGAGAGGATGACCAGCCACACTGGAACTGAGACACGGTCCAGACTCCTACGGGAGGCAGCAGTGGGGAATATTGCACAATGGGCGCAAGCCTGATGCAGCCATGCCGCGTGTGTGAAGAAGGCCTTCGGGTTGTAAAGCACTTTCAGCGGGGAGGCGTTACCCGCAGAAGAAGCACCGGCTAACTCCGTGCCAGCAGCCGCGGTAATACGGAGGGTGCAAGCGTTAATCGGAATTACTGGGCGTAAAGCGCACGCAGGCGGTCTGTCAAGTCGGATGTGAAATCCCCGGGCTCAACCTGGGAACTGCATTCGAAACTGGCAGGCTAGAGTCTTGTAGAGGGGGGTAGAATTCCAGGTGTAGCGGTGAAATGCGT-GAGATCTGGAGGAATACCGGTGGCGAAGGCGGCCCCCTGGACAAAGACTGACGCTCAGGTGCGAAAGCGTGGGGAGCAAACAGGATT-GATACCCTGGTAGTCCACGCCGT--ACGATGTCGATTTGGAGGTT--GGCTTCCGG--CTAACGCGTTAAATCGACCGCCTGGGGAGTACGGCCGCAAGGTTAAAACTCAAATGAATTGACGGGGGCCCGCACAAGC-GGTGGAGCATGTGGTTTAAT-TCGATGCAACG-CGAAGAACCTTACCTGGTCTTGACAT-CAGGTGCTGCATGGCTGTCGTCAGCTCGTGTTGTGAAATGTTGGGTTAAGTCCCGCAACGAGCGCAACCC----------------TTATCCTTTGT-------------TG-C----A-----------------ACTCAAAGGAGACTGCC--AGTGATAAA----CTGGAGGAAGGTGGGGATGACGTCAAGTCATCATGGCCCTTACGACCAGGGCTACACACGTGCTACAATGGCATATACAAAGAGAAGCGACCTCGCGAGAGCAAGCGGACCTCATAAAGTATGTCGTAGTCCGGA-TGGAGTCTGCAACTCGACTCCATGAAGTCGGAATCGCTAGTAATCGTAGATCAG--ATGCTACGGTGAATACGTTCCCGGGCCTTGTACACACCGCCCGTCACACCA-GGGAGTGGGTTG---CAAAAGAAGT--------------------------------------------------
2501846300_cluster               ATTGAACGCTGGCGGCAGGCCTAACACATGCAAGTCGAGCGGAGCGGCGGACGGGTGAGTAATGCCTAGGA-ATCTGCCTGGTAGTGGGGGATAACGTCCGGAAACGGGCGCTAATACCGCATACTATCAGATGAGCCTAGGTCGGATTAGCTAGTTGGTGGGGTAAAGGCCTACCAAGGCGACGATCCGTAACTGGTCTGAGAGGATGATCAGTCACACTGGAACTGAGACACGGTCCAGACTCCTACGGGAGGCAGCAGTGGGGAATATTGGACAATGGGCGAAAGCCTGATCCAGCCATGCCGCGTGTGTGAAGAAGGTCTTCGGATTGTAAAGCACTTTAAGTTGGGAGGCGTTACCAACAGAATAAGCACCGGCTAACTTCGTGCCAGCAGCCGCGGTAATACGAAGGGTGCAAGCGTTAATCGGAATTACTGGGCGTAAAGCGCGCGTAGGTGGTTCAGCAAGTTGGATGTGAAATCCCCGGGCTCAACCTGGGAACTGCATCCAAAACTACTGAGCTAGAGTACGGTAGAGGGTGGTGGAATTTCCTGTGTAGCGGTGAAATGCGTAGATATAGGAAGGAACACCAGTGGCGAAGGCGACCACCTGGACTGATACTGACACTGAGGTGCGAAAGCGTGGGGAGCAAACAGGATTAGATACCCTGGTAGTCCACGCCGTAAACGATGTCGACTAGCCGTTGGGTAGTGGCGCAGCTAACGCGATAAGTCGACCGCCTGGGGAGTACGGCCGCAAGGTTAAAACTCAAATGAATTGACGGGGGCCCGCACAAGC-GGTGGAGCATGTGGTTTAAT-TCGAAGCAACG-CGAAGAACCTTACCTGGCCTTGACAT-CAGGTGCTGCATGGCTGTCGTCAGCTCGTGTCGTGAGATGTTGGGTTAAGTCCCGTAACGAGCGCAACCC----------------TTGTCCTTAGT-------------TA-C----C-----------------ACTCTAAGGAGACTGCC--GGTGACAAA----CCGGAGGAAGGTGGGGATGACGTCAAGTCATCATGGCCCTTACGGCCAGGGCTACACACGTGCTACAATGGTCGGTACAAAGGGTTGCCAAGCCGCGAGGTGGAGCTAATCCCATAAAACCGATCGTAGTCCGGATCGCAGTCTGCAACTCGACTGCGTGAAGTCGGAATCGCTAGTAATCGTGAATCAG--ATGTCACGGTGAATACGTTCCCGGGCCTTGTACACACCGCCCGTCACACCATGGGAGTGGGTTGCTCCAGAAGTAGCTTACCACGGAGTGATTCATGACTGGGGTG---------------------
2531839192_cluster               ------------------------------------------AGTGGCGGACGGGTGAGTAATGTCTGGGA-AACTGCCTGATGGAGGGGGATAACTACTGGAAACGGTGGCTAATACCGCATA-CATCAGATGTGCCCAGATGGGATTAGCTAGTTGGTGAGGTAACGGCTCACCAAGGCGACGATCCCTAGCTGGTCTGAGAGGATGACCAGCCACACTGGAACTGAGACACGGTCCAGACTCCTACGGGAGGCAGCAGTGGGGAATATTGCACAATGGGCGCAAGCCTGATGCAGCCATGCCGCGTGTATGAAGAAGGCCTTCGGGTTGTAAAGTACTTTCAGCGGGGAGGCGTTACCCGCAGAAGAAGCACCGGCTAACTCCGTGCCAGCAGCCGCGGTAATACGGAGGGTGCAAGCGTTAATCGGAATTACTGGGCGTAAAGCGCACGCAGGCGGTCTGTCAAGTCGGATGTGAAATCCCCGGGCTCAACCTGGGAACTGCATTCGAAACTGGCAGGCTTGAGTCTTGTAGAGGGGGGTAGAATTCCAGGTGTAGCGGTGAAATGCGT-GAGATCTGGAGGAATACCGGTGGCGAAGGCGGCCCCCTGGACAAAGACTGACGCTCAGGTGCGAAAGCGTGGGGAGCAAACAGGATT-GATACCCTGGTAGTCCACGCCGT--ACGATGTCTACTTGGAGGTT--GGCTTCCGG--CTAACGCGTTAAGTAGACCGCCTGGGGAGTACGGCCGCAAGGTTAAAACTCAAATGAATTGACGGGGGCCCGCACAAGC-GGTGGAGCATGTGGTTTAAT-TCGATGCAACG-CGAAGAACCTTACCTGGTCTTGACAT-CAGGTGCTGCATGGCTGTCGTCAGCTCGTGTTGTGAAATGTTGGGTTAAGTCCCGCAACGAGCGCAACCC----------------TTATCCTTTGT-------------TG-C----A-----------------ACTCAAAGGAGACTGCC--AGTGATAAA----CTGGAGGAAGGTGGGGATGACGTCAAGTCATCATGGCCCTTACGACCAGGGCTACACACGTGCTACAATGGCGCATACAAAGAGAAGCGACCTCGCGAGAGCAAGCGGACCTCATAAAGTGCGTCGTAGTCCGGA-TGGAGTCTGCAACTCGACTCCATGAAGTCGGAATCGCTAGTAATCGTGGATCAG--ATGCCACGGTGAATACGTTCCCGGGCCTTGTACACACCGCCCGTCACACCA-GGGAGTGGGTTG---CAAAAGAAGT--------------------------------------------------
2516143006_cluster               ------------------------------------------AGTGGCGCACGGGTGAGTAAGGTATAGTTAATCTGCCCTACACAAGAGGACAACAGTTGGAAACGACTGCTAATACTCTATAGTGTAGGATGAGACTATATAGTATCAGCTAGTTGGTAAGGTAATGGCTTACCAAGGCTATGACGCTTAACTGGTCTGAGAGGATGATCAGTCACACTGGAACTGAGACACGGTCCAGACTCCTACGGGAGGCAGCAGTAGGGAATATTGCGCAATGGGGGAAACCCTGACGCAGCAACGCCGCGTGGAGGATGACACTTTTCGGAGCGTAAACTCCTTTTCTTAGGGAAGCGGTACCTAAGGAATAAGCACCGGCTAACTCCGTGCCAGCAGCCGCGGTAATACGGAGGGTGCAAGCGTTACTCGGAATCACTGGGCGTAAAGGGCGCGTAGGCGGATTATCAAGTCTCTTGTGAAATCTAATGGCTTAACCATTAAACTGCTTGGGAAACTGATAGTCTAGAGTGAGGGAGAGGCAGATGGAATTGGTGGTGTAGGGGTAAAATCCGTAGATATCACCAAGAATACCCATTGCGAAGGCGATCTGCTGGAACTCAACTGACGCTAAGGCGCGAAAGCGTGGGGAGCAAACAGGATTAGATACCCTGGTAGTCCACGCCCTAAACGATGTACACTAGTTGTTGG-CAGTAATGCAGCTAACGCATTAAGTGTACCGCCTGGGGAGTACGGTCGCAAGATTAAAACTCAAAGGAATAGACGGGGACCCGCACAAGC-GGTGGAGCATGTGGTTTAAT-TCGAAGATACG-CGAAGAACCTTACCTGGGCTTGATATCCAGGTGCTGCACGGCTGTCGTCAGCTCGTGTCGTGAGATGTTGGGTTAAGTCCCGCAACGAGCGCAACCC----------------ACGTATTTAGT-------------TG-C----C-----------------ACTCTAAATAGACTGCC--TTCG-TAAG----GAGGAGGAAGGTGTGGACGACGTCAAGTCATCATGGCCCTTATGCCCAGGGCGACACACGTGCTACAATGGCATATACAATGAGACGCAATACCGCGAGGTGGAGCAAATCTAT-AAAATATGTCCCAGTTCGGATTGTTCTCTGCAACTCGAGAGCATGAAGCCGGAATCGCTAGTAATCGTAGATCAG-CATGCTACGGTGAATACGTTCCCGGGTCTTGTACTCACCGCCCGTCACACCATGGGAGTTGATTTCACTCGAAGCCGG--------------------------------------------------
2519899794_cluster               --CGAACGCTGGCGGCGTGCCTAATACATGCAAGTAGAACGCAGTTGCGAACGGGTGAGTAACGCGTAGGTAAC-TGCCTGGTAGCGGGGGATAACTATTGGAAACGATAGCTAATACCGCATA-------ATGGACCTGCGTTGTATTAGCTAGTTGGTGGGGTAACGGCTCACCAAGGCGACGATACATAGCCGACCTGAGAGGGTGATCGGCCACACTGGGACTGAGACACGGCCCAGACTCCTACGGGAGGCAGCAGTAGGGAATCTTCGGCAATGGACGGAAGTCTGACCGAGCAACGCCGCGTGAGTGAAGAAGGTTTTCGGATCGTAAAGCTCTGTTGTAAGAGAAGCGGTATCTTACCAGAAAGGGACGGCTAACTACGTGCCAGCAGCCGCGGTAATACGTAGGTCCCGAGCGTTGTCCGGATTTATTGGGC-TAAAGCGAGCGCAGGCGGTTAGATAAGTCTGAAGTTAAAGGCTGTGGCTTAACCATAGTA-GGCTTTGGAAACTGTTTAACTTGAGTGCAAGAGGGGAGAGTGGAATTCCATGTGTAGCGGTGAAATGCGTAGATATATGGAGGAACACCGGTGGCGAAAGCGGCTCTCTGGCTTGTAACTGACGCTGAGGCTCGAAAGCGTGGGGAGCAAACAGGATTAGATACCCTGGTAGTCCACGCTGTAAACGATGAGTGCTAGGTGTTAG-TAGTGCCGTAGCTAACGCATTAAGCACTCCGCCTGGGGAGTACGACCGCAAGGTTGAAACTCAAAGGAATTGACGGGGGCCCGCACAAGC-GGTGGAGCATGTGGTTTAAT-TCGAAGCAACG-CGAAGAACCTTACCAGGTCTTGACAT-CAGGTGGTGCATGGTTGTCGTCAGCTCGTGTCGTGAGATGTTGGGTTAAGTCCCGCAACGAGCGCAACCC----------------CTATTGTTAGT-------------TG-C----C-----------------ACTCTAGCGAGACTGCC--GGTAATAAA----CCGGAGGAAGGTGGGGATGACGTCAAATCATCATGCCCCTTATGACCTGGGCTACACACGTGCTACAATGGCTGGTACAACGAGTCGCAAGCCGGTGACGGCAAGCTAATCTCTTAAAGCCAGTCTCAGTTCGGATTGTAGGCTGCAACTCGCCTACATGAAGTCGGAATCGCTAGTAATCGCGGATCAG-CACGCCGCGGTGAATACGTTCCCGGGCCTTGTACACACCGCCCGTCACACCACGAGAGTTTGTAACACCCGAAGTCGGCGCCTAAGGTGGGATAGATGATTGGGGTGAA-------------------
2511231166_cluster               GACGAACGCTGGCGGCGTGCCTAATACATGCAAGTAGAACGCAGTTGCGAACGGGTGAGTAACGCGTAGGTAAC-TGCCTCATAGCGGGGGATAACTATTGGAAACGATAGCTAATACCGCATACTATGAGATGGACCTGCGTTGTATTAGCTAGTTGGTGAGGTAACGGCTCACCAAGGCTTCGATACATAGCCGACCTGAGAGGGTGATCGGCCACACTGGGACTGAGACACGGCCCAGACTCCTACGGGAGGCAGCAGTAGGGAATCTTCGGCAATGGGGGCAACCCTGACCGAGCAACGCCGCGTGAGTGAAGAAGGTTTTCGGATCGTAAAGCTCTGTTGTAAGAGAAGCGGTATCTTACCAGAAAGGGACGGCTAACTACGTGCCAGCAGCCGCGGTAATACGTAGGTCCCGAGCGTTGTCCGGATTTATTGGGCGTAAAGCGAGCGCAGGCGGTTTGATAAGTCTGAAGTAAAAGGCTGTGGCTTAACCATAGTA-CGCTTTGGAAACTGTCAAACTTGAGTGCAGAAGGGGAGAGTGGAATTCCATGTGTAGCGGTGAAATGCGTAGATATATGGAGGAACACCGGTGGCGAAAGCGGCTCTCTGGTCTGTAACTGACGCTGAGGCTCGAAAGCGTGGGGAGCGAACAGGATTAGATACCCTGGTAGTCCACGCCGTAAACGATGAGTGCTAGGTGTTGG-CAGTGCCGCAGCTAACGCATTAAGCACTCCGCCTGGGGAGTACGACCGCAAGGTTGAAACTCAAAGGAATTGACGGGGGCCCGCACAAGC-GGTGGAGCATGTGGTTTAAT-TCGAAGCAACG-CGAAGAACCTTACCAGGTCTTGACATCCAGGTGGTGCATGGTTGTCGTCAGCTCGTGTCGTGAGATGTTGGGTTAAGTCCCGCAACGAGCGCAACCC----------------CTATTGTTAGT-------------TG-C----C-----------------ACTCTAGCGAGACTGCC--GGTAATAAA----CCGGAGGAAGGTGGGGATGACGTCAAATCATCATGCCCCTTATGACCTGGGCTACACACGTGCTACAATGGCTGGTACAACGAGTCGCAAGTCGGTGACGGCAAGCTAATCTCTTAAAGCCAGTCTCAGTTCGGATTGTAGGCTGCAACTCGCCTACATGAAGTCGGAATCGCTAGTAATCGCGGATCAG-CACGCCGCGGTGAATACGTTCCCGGGCCTTGTACACACCGCCCGTCACACCACGAGAGTTTGTAACACCCGAAGTCGGCGCCTAAGGTGGGATAGATGATTGGGGTGAAGTCGTAACAAGGTAGCCGT
2545824660_cluster               ------------------GCCTAATACATGCAAGTCGA--------GCGGACGGGTGAGTAACACGTGGATAACCTACCTATAAGACTGGGATAACTTCGGGAAACCGGAGCTAATACCGGATACTTATAGATGGATCCGCGCTGCATTAGCTAGTTGGTAAGGTAACGGCTTACCAAGGCAACGATGCATAGCCGACCTGAGAGGGTGATCGGCCACACTGGAACTGAGACACGGTCCAGACTCCTACGGGAGGCAGCAGTAGGGAATCTTCCGCAATGGGCGAAAGCCTGACGGAGCAACGCCGCGTGAGTGATGAAGGTCTTCGGATCGTAAAACTCTGTTATTAGGGAAGCGGTACCTAATCAGAAAGCCACGGCTAACTACGTGCCAGCAGCCGCGGTAATACGTAGGTGGCAAGCGTTATCCGGAATTATTGGGCGTAAAGCGCGCGTAGGCGGTTTTTTAAGTCTGATGTGAAAGCCCACGGCTCAACCGTGGAG-GGCATTGGAAACTGGAAAACTTGAGTGCAGAAGAGGAAAGTGGAATTCCATGTGTAGCGGTGAAATGCGCAGAGATATGGAGGAACACCAGTGGCGAAGGCGACTTTCTGGTCTGTAACTGACGCTGATGTGCGAAAGCGTGGGGATCAAACAGGATTAGATACCCTGGTAGTCCACGCCGTAAACGATGAGTGCTAAGTGAGG--TAGTGCTGCAGCTAACGCATTAAGCACTCCGCCTGGGGAGTACGACCGCAAGGTTGAAACTCAAAGGAATTGACGGGGACCCGCACAAGC-GGTGGAGCATGTGGTTTAAT-TCGAAGCAACG-CG-AGAACCTTACCAAATCTTGACATCAGGTG-GTGCATGGTTGTCGTCAGCTCGTGTCGTGAGATGTGGT---AAGTCCCGCAACGAGCGCAACCC----------------TTAAGCTTAGT----------------T----C-----------------ACTCTA--GTGACTGC----GTGACAA------------CAGAGGGGGATGACGTCAAATCATCATG--CCTTATGA-TTGGGCTACACACG-------------TGTAGTCAGGGCAGCGAAACCGTGAGGTCAAGCAAATCCCATAAAGTTGTTCTCAGTTCGGATTGTAGTCTGCAACTCGACTACATGAAGCTGGAATCGCTAGTAATCGTAGATCAG-CATGCTACGGTGAATACGTTCCCGGGTCTTGTACACACCGCCCGTCACACCACGAGAGTTTGTAACACCCGAAGCCGGCGTCGAAGGTGGGACAAATGATTGGGGTGAAGTCGTAACAAGGTAGCCGT
2519899561_cluster               ------------------------------------------AGTGGCGGACGGGTGAGTAATGTCTGGGA-AACTGCCTGATGGAGGGGGATAACTACTGGAAACGGTAGCTAATACCGCATA-CATCGGATGTGCCCAGATGGGATTAGCTTGTTGGTGGGGTAACGGCTCACCAAGGCGACGATCCCTAGCTGGTCTGAGAGGATGACCAGCCACACTGGAACTGAGACACGGTCCAGACTCCTACGGGAGGCAGCAGTGGGGAATATTGCACAATGGGCGCAAGCCTGATGCAGCCATGCCGCGTGTATGAAGAAGGCCTTCGGGTTGTAAAGTACTTTCAGCGGGGAGGCGTTACCCGCAGAAGAAGCACCGGCTAACTCCGTGCCAGCAGCCGCGGTAATACGGAGGGTGCAAGCGTTAATCGGAATTACTGGGCGTAAAGCGCACGCAGGCGGTTTGTTAAGTCAGATGTGAAATCCCCGGGCTCAACCTGGGAACTGCATCTGATACTGGCAAGCTTGAGTCTCGTAGAGGGGGGTAGAATTCCAGGTGTAGCGGTGAAATGCGT-GAGATCTGGAGGAATACCGGTGGCGAAGGCGGCCCCCTGGACGAAGACTGACGCTCAGGTGCGAAAGCGTGGGGAGCAAACAGGATT-GATACCCTGGTAGTCCACGCCGT--ACGATGTCGACTTGGAGGTT--GGCTTCCGG--CTAACGCGTTAAGTCGACCGCCTGGGGAGTACGGCCGCAAGGTTAAAACTCAAATGAATTGACGGGGGCCCGCACAAGC-GGTGGAGCATGTGGTTTAAT-TCGATGCAACG-CGAAGAACCTTACCTGGTCTTGACAT-CAGGTGCTGCATGGCTGTCGTCAGCTCGTGTTGTGAAATGTTGGGTTAAGTCCCGCAACGAGCGCAACCC----------------TTATCCTTTGT-------------TG-C----A-----------------ACTCAAAGGAGACTGCC--AGTGATAAA----CTGGAGGAAGGTGGGGATGACGTCAAGTCATCATGGCCCTTACGACCAGGGCTACACACGTGCTACAATGGCGCATACAAAGAGAAGCGACCTCGCGAGAGCAAGCGGACCTCATAAAGTGCGTCGTAGTCCGGA-TGGAGTCTGCAACTCGACTCCATGAAGTCGGAATCGCTAGTAATCGTGGATCAG--ATGCCACGGTGAATACGTTCCCGGGCCTTGTACACACCGCCCGTCACACCA-GGGAGTGGGTTG---CAAAAGAAGT--------------------------------------------------
2513237222_cluster               ------------------------------------------AGTGGCGAACGGGTGAGTAATACATCGGA-ACATGTCCTGTAGTGGGGGATAGCCCGGCGAAAGCCGGATTAATACCGCATA----TA-GTTGGCCGATGGCTGATTAGCTAGTTGGTGGGGTAAAGGCCTACCAAGGCGACGATCAGTAGC-GGTCTGAGAGGACGACCAGCCACA-TGGGACTGAGACACGGCCCAGACTCCTACGGGAGGCAGCAGTGGGGAATTTTGGACAATGGGCGCAAGCCTGATCCAGCAATGCCGCGTGTGTGAAGAAGGCCTTCGGGTTGTAAAGCACTTTTGTCCGGAAAGCGGTACCGGAAGAATAAGCACCGGCTAACTACGTGCCAGCAGCCGCGGTAATACGTAGGGTGCGAGCGTTAATCGGAATTACTGGGCGTAAAGCGTGCGCAGGCGGTTTGCTAAGACCGATGTGAAATCCCCGGGCTCAACCTGGGAACTGCATTGGTGACTGGCAGGCTAGAGTATGGCAGAGGGGGGTAGAATTCCACGTGTAGCAGTGAAATGCGTAGAGATGTGGAGGAATACCGATGGCGAAGGCAGCCCCCTGGGCCAATACTGACGCTCATGCACGAAAGCGTGGGGAGCAAACAGGATTAGATACCCTGGTAGTCCACGCCCTAAACGATGTCAACTAGTTGTTG--TAGTAACGTAGCTAACGCGTGAAGTTGACCGCCTGGGGAGTACGGTCGCAAGATTAAAACTCAAAGGAATTGACGGGGACCCGCACAAGC-GGTGGATGATGTGGATTAAT-TCGATGCAACG-CGAAAAACCTTACCTACCCTTGACATGCAGGTGCTGCATGGCTGTCGTCAGC--------------TCGGTGGTGTGTCCCGCAACGAGCGCAACCC----------------TTGTCCTTAGT-------------TG-C----C-----------------ACTCTAAGGAGACTGCC--GGTGACAAA----CCGGAGGAAGGTGGGGATGACGTCAAGTCCTCATGGCCCTTATGGGTAGGGCTTCACACGTCATACAATGGTCGGAACAGAGGGTCGCCAACCCGCGAGGGGGAGCCAATCCCAGAAAACCGATCGTAGTCCGGATTGCACTCTGCAACTCGAGTGCATGAAGCTGGAATCGCTAGTAATCGCGGATCAG-CATGCCGCGGTGAATACGTTCCCGGGTCTTGTACACACCGCCCGTCACACCATGGGAGTGGGTTTTACCAGAAGT---TCACCACGGTAGGATTCATGACTGGGGTGAAGTCGTAACAAGGTAGGTA-
02905cfb87861c837dde629596d9272b ----------------------------------------------------------------------------------------------------------------------------------------------------------------------------------------------------------------------------------------------------------------------------------------------------------------------------------------------------------------------------------------------------------------------------------------------------------------------------------------------------------------------------------------------------------------------------------------------------------------------------------------------------------------------------------------------------------------------------------------------------------------------------------------------------------------------------TGG-TCTTGA-CATCCCTCTGACG-AGTGAGTAATGTCG-CTTTCCCTTCGGGGCAGAGGAGA-CAGGTGGTGCATGGTTGTCGTCAGCTCGTGTCGTGAGATGTTGGGTTAAGTCCCGCAACGAGCGCAACCC----------------TTATCTTTAGT-------------AG-C----CAGCAGTAAGATGGGA--ACTCTAGAGAGACTGCC--GGGGATAAC----CCGGAGGAAGGTGGGGATGACGTCAAATCATCATGCCCCTTATGACCAGGGCTACACACGTGCTACAATGGCGTAAACAGAGGGAAGCGACCCTGTGAAGGTAAGCAAATCCCAAAAATAACGTCTCAGTTCGGATTGTAGTCTGCAACTCGACTACATGAAGCTGGAATCGCTAGTAATCGCGAATCAG-AATGTCGCGGTGAATACGTTCCCGG-------------------------------------------------------------------------------------------------------
03562a221b15ef37470e4567e112f35f ----------------------------------------------------------------------------------------------------------------------------------------------------------------------------------------------------------------------------------------------------------------------------------------------------------------------------------------------------------------------------------------------------------------------------------------------------------------------------------------------------------------------------------------------------------------------------------------------------------------------------------------------------------------------------------------------------------------------------------------------------------------------------------------------------------------CGGGCTTG-AAAGTT-AGTG--ACCGGAGATGAAAG-TC--TCCT-TT-CT-ATAGCAATA--TAGACACGAAAC-TAGGTGCTGCATGGTTGTCGTCAGCTCGTGCCGTGAGGTGTCGGCTTAAGTGCCATAACGAGCGCAACCC----------------TTTTCTTCAGT-------------TA-C----CATCATTAAGTTGGGG--ACTCTGAAGACACTGCC--ATCG-TAAGATGT---GAGGAAGGATGGGATGACGTCAAATCAGCACGGCCCTTACGTCCGGGGCGACACACGTGTTACAATGGCGTGGACAGCGGGGAACGAGGTGGCGACACCGAGGGAATCCCG-AAACCACGTCCCAGTTCGGATTGGAGTCTGCAACTCGACTCCATGAAGCTGGATTCGCTAGTAATCGCGCATCAGCCATGGCGCGGTGAATACGTTC-----------------------------------------------------------------------------------------------------------
03af6a6644bc358ee6716cbb44a5a479 ----------------------------------------------------------------------------------------------------------------------------------------------------------------------------------------------------------------------------------------------------------------------------------------------------------------------------------------------------------------------------------------------------------------------------------------------------------------------------------------------------------------------------------------------------------------------------------------------------------------------------------------------------------------------------------------------------------------------------------------------------------------------------------------------------------------------------AGG-GCTTGA-CATATATCAGAATATACTAGAGATA-GT-ATAGTCCTTC--GGGACTGATATACAGGTGGTGCATGGTTGTCGTCAGCTCGTGTCGTGAGATGTTGGGTTAAGTCCCGCAACGAGCGCAACCC----------------CTGTCCTTAGT-------------TG-C----CAGCACGTAAAGGTGGGAACTCTAAGGAGACTGCC--GGTGATAAA----TCGGAGGAAGGTGGGGATGACGTCAAATCATCATGCCCTTTATGTCCTGGGCTACACACGTACTACAATGGCCGTGACAGAGAGAAACGAAACAGTGATGTGGAGTAAAACTCTAAAAG-CGGTCTCAGTTCGGATTGAAGGCTGAAATTCGCCTTCATGAAGCTGGAATTGCTAGTAATGGCAGGTCAG-CATACTGCCGTGAATACGTTCCCGG-------------------------------------------------------------------------------------------------------
03cb13abd3f1c5444360e489460bdfb0 --------------------------------------------------------------------------------------------------------------------------------------------------------------------------------------------------------------------------------------------------------------------------------------------------------------------------------------------------------------------------------------------------------------------------------------------------------------------------------------------------------------------------------------------------------------------------------------------------------------------------------------------------------------------------------------------------------------------------------------------------------------------------------------------------------------------CGGGCTCAAAC-GGAAGGGGA--CGGATT--G-TGAAAGCA--G-TC--TTTCCTT--CGGGACCGCTTCC-GAGGTGCTGCATGGTTGTCGTCAGCTCGTGCCGTGAGGTGTCGGCTTAAGTGCCATAACGAGCGCAACCCCTACCGACAGTTGCTAACAGATTAAGC-------------TGAG----G-----------------ACTCTGTCGGGACTGCC--GGCG-CAAGCTGT---GAGGAAGGCGGGGATGACGTCAAATCAGCACGGCCCTTACGTCCGGGGCGACACACGTGTTACAATGGCAGGTACAGCGGGAAGCCACCCGGCGACGGGGCGCGGAACCCG-AAAACCTGTCTCAGTTCGGATTGGAGTCTGCAACCCGACTCCATGAAGCTGGATTCGCTAGTAATCGCGCATCAGCCACGGCGCGGTGAATACGTTCCCG--------------------------------------------------------------------------------------------------------
05f9281835817fddd06162cd69497a2d --------------------------------------------------------------------------------------------------------------------------------------------------------------------------------------------------------------------------------------------------------------------------------------------------------------------------------------------------------------------------------------------------------------------------------------------------------------------------------------------------------------------------------------------------------------------------------------------------------------------------------------------------------------------------------------------------------------------------------------------------------------------------------------------------------------------------CGGGCTTAAATTGCATCTGAATGATT-TGGAAACAGAT-C--AGCCGCAAGGCAGAT-GTGA-----AGGTGCTGCATGGTTGTCGTCAGCTCGTGCCGTGAGGTGTCGGCTTAAGTGCCATAACGAGCGCAACCC----------------TTGCTGTCAGTTACTAACAGGTCATG-CTGAGG-----------------ACTCTGACGGGACTGCCATCGTAAGATG------TGAGGAAGGTGGGGATGACGTCAAATCAGCACGGCCCTTACGTCCGGGGCTACACACGTGTTACAATGGGGGGTACAGCAGGCAGCTACCTGGCGACAGGATGCTAATCCC-GAAAGCCCCTCTCAGTTCGGATTGGAGTCTGCAACCCGACTCCATGAAGCTGGATTCGCTAGTAATCGCGCATCAGCCACGGCGCGGTGAATACGTTCCCGGG------------------------------------------------------------------------------------------------------
